---
source: rust/roam-macros-core/src/lib.rs
expression: "generate(quote!\n{\n    trait Calc\n    { async fn div(&self, a: f64, b: f64) -> Result<f64, DivError>; }\n})"
---
#[allow(non_snake_case, clippy::all)]
pub fn calc_service_descriptor() -> &'static ::roam::session::ServiceDescriptor {
    static DESCRIPTOR: std::sync::OnceLock<&'static ::roam::session::ServiceDescriptor> =
        std::sync::OnceLock::new();
    DESCRIPTOR.get_or_init(|| {
        let methods: Vec<&'static ::roam::session::MethodDescriptor> =
            vec![Box::leak(Box::new(::roam::session::MethodDescriptor {
                id: ::roam::hash::method_id::<(f64, f64), Result<f64, DivError>>("Calc", "div"),
                service_name: "Calc",
                method_name: "div",
                args: &[
                    ::roam::session::ArgDescriptor {
                        name: "a",
                        shape: <f64 as ::roam::facet::Facet>::SHAPE,
                    },
                    ::roam::session::ArgDescriptor {
                        name: "b",
                        shape: <f64 as ::roam::facet::Facet>::SHAPE,
                    },
                ],
                return_shape: <Result<f64, DivError> as ::roam::facet::Facet>::SHAPE,
                doc: None,
            }))];
        Box::leak(Box::new(::roam::session::ServiceDescriptor {
            service_name: "Calc",
            methods: Box::leak(methods.into_boxed_slice()),
            doc: None,
        }))
    })
}
pub trait CalcServer
where
    Self: Send + Sync,
{
    fn div(
        &self,
        call: impl ::roam::Call<f64, DivError>,
        a: f64,
        b: f64,
    ) -> impl std::future::Future<Output = ()> + Send;
}
#[doc = r" Dispatcher for this service."]
#[doc = r""]
#[doc = r" Wraps a handler and implements [`#roam::Handler`] by routing incoming"]
#[doc = r" calls to the appropriate trait method by method ID."]
#[derive(Clone)]
pub struct CalcDispatcher<H> {
    handler: H,
}
impl<H> CalcDispatcher<H>
where
    H: CalcServer + Clone + Send + Sync + 'static,
{
    #[doc = r" Create a new dispatcher wrapping the given handler."]
    pub fn new(handler: H) -> Self {
        Self { handler }
    }
}
impl<H, R> ::roam::Handler<R> for CalcDispatcher<H>
where
    H: CalcServer + Clone + Send + Sync + 'static,
    R: ::roam::ReplySink,
{
    async fn handle(&self, call: ::roam::SelfRef<::roam::RequestCall<'static>>, reply: R) {
        let method_id = call.method_id;
        if method_id == calc_service_descriptor().methods[0usize].id {
            let args_bytes = match &call.args {
                ::roam::Payload::Incoming(bytes) => bytes,
                _ => return,
            };
            let args: (f64, f64) = match ::roam::facet_postcard::from_slice_borrowed(args_bytes) {
                Ok(v) => v,
                Err(_) => return,
            };
            let (a, b) = args;
            let sink_call = ::roam::SinkCall::new(reply);
            self.handler.div(sink_call, a, b).await;
            return;
        }
    }
}
#[doc = "Client for the `Calc` service.\n\nGeneric over any [`Caller`](:: roam::Caller) implementation."]
#[derive(Clone)]
pub struct CalcClient<C: ::roam::Caller> {
    caller: C,
}
impl<C: ::roam::Caller> CalcClient<C> {
    #[doc = r" Create a new client wrapping the given caller."]
    pub fn new(caller: C) -> Self {
        Self { caller }
    }
    pub async fn div(
        &self,
        a: f64,
        b: f64,
    ) -> Result<::roam::SelfRef<::roam::ResponseParts<'static, f64>>, ::roam::RoamError<DivError>>
    {
        let method_id = calc_service_descriptor().methods[0usize].id;
        let req = ::roam::RequestCall {
            method_id,
            args: ::roam::Payload::outgoing(&(a, b)),
            channels: &[],
            metadata: Default::default(),
        };
        let response = self.caller.call(req).await?;
        response.try_repack(|resp, _bytes| {
            let ret_bytes = match &resp.ret {
                ::roam::Payload::Incoming(bytes) => bytes,
                _ => return Err(::roam::RoamError::InvalidPayload),
            };
            let result: Result<f64, ::roam::RoamError<DivError>> =
                ::roam::facet_postcard::from_slice_borrowed(ret_bytes)
                    .map_err(|_| ::roam::RoamError::InvalidPayload)?;
            let ret = result?;
            Ok(::roam::ResponseParts {
                ret,
                metadata: resp.metadata,
            })
        })
    }
}
#[doc = r" Returns the service detail for codegen."]
pub fn calc_service_detail() -> ::roam::schema::ServiceDetail {
    ::roam::schema::ServiceDetail {
        name: "Calc".into(),
        methods: vec![::roam::schema::MethodDetail {
            service_name: "Calc".into(),
            method_name: "div".into(),
            args: vec![
                ::roam::schema::ArgDetail {
                    name: "a".into(),
                    ty: <f64 as ::roam::facet::Facet>::SHAPE,
                },
                ::roam::schema::ArgDetail {
                    name: "b".into(),
                    ty: <f64 as ::roam::facet::Facet>::SHAPE,
                },
            ],
            return_type: <Result<f64, DivError> as ::roam::facet::Facet>::SHAPE,
            doc: None,
        }],
        doc: None,
    }
}
